

================================================================
== Vivado HLS Report for 'conv'
================================================================
* Date:           Mon Dec  2 16:44:24 2019

* Version:        2018.3 (Build 2405991 on Thu Dec 06 23:56:15 MST 2018)
* Project:        conv_hls
* Solution:       solution1
* Product family: zynq
* Target device:  xc7z020clg400-1


================================================================
== Performance Estimates
================================================================
+ Timing (ns): 
    * Summary: 
    +--------+-------+----------+------------+
    |  Clock | Target| Estimated| Uncertainty|
    +--------+-------+----------+------------+
    |ap_clk  |  10.00|     8.742|        1.25|
    +--------+-------+----------+------------+

+ Latency (clock cycles): 
    * Summary: 
    +------+------+------+------+---------+
    |   Latency   |   Interval  | Pipeline|
    |  min |  max |  min |  max |   Type  |
    +------+------+------+------+---------+
    |  6137|  6137|  6137|  6137|   none  |
    +------+------+------+------+---------+

    + Detail: 
        * Instance: 
        N/A

        * Loop: 
        +----------+------+------+----------+-----------+-----------+------+----------+
        |          |   Latency   | Iteration|  Initiation Interval  | Trip |          |
        | Loop Name|  min |  max |  Latency |  achieved |   target  | Count| Pipelined|
        +----------+------+------+----------+-----------+-----------+------+----------+
        |- Row     |  6136|  6136|       236|          -|          -|    26|    no    |
        | + Col    |   234|   234|         9|          -|          -|    26|    no    |
        +----------+------+------+----------+-----------+-----------+------+----------+



================================================================
== Utilization Estimates
================================================================
* Summary: 
+-----------------+---------+-------+--------+-------+
|       Name      | BRAM_18K| DSP48E|   FF   |  LUT  |
+-----------------+---------+-------+--------+-------+
|DSP              |        -|      -|       -|      -|
|Expression       |        -|      6|       0|    540|
|FIFO             |        -|      -|       -|      -|
|Instance         |        -|      -|       -|      -|
|Memory           |        -|      -|       -|      -|
|Multiplexer      |        -|      -|       -|    227|
|Register         |        -|      -|     445|      -|
+-----------------+---------+-------+--------+-------+
|Total            |        0|      6|     445|    767|
+-----------------+---------+-------+--------+-------+
|Available        |      280|    220|  106400|  53200|
+-----------------+---------+-------+--------+-------+
|Utilization (%)  |        0|      2|   ~0   |      1|
+-----------------+---------+-------+--------+-------+

+ Detail: 
    * Instance: 
    N/A

    * DSP48: 
    N/A

    * Memory: 
    N/A

    * FIFO: 
    N/A

    * Expression: 
    +---------------------+----------+-------+---+----+------------+------------+
    |    Variable Name    | Operation| DSP48E| FF| LUT| Bitwidth P0| Bitwidth P1|
    +---------------------+----------+-------+---+----+------------+------------+
    |grp_fu_278_p2        |     *    |      3|  0|  20|          32|          32|
    |grp_fu_284_p2        |     *    |      3|  0|  20|          32|          32|
    |tmp_1_fu_354_p2      |     *    |      0|  0|  17|           5|           5|
    |grp_fu_298_p2        |     +    |      0|  0|  39|          32|          32|
    |i_1_fu_390_p2        |     +    |      0|  0|  15|           5|           1|
    |j_1_fu_484_p2        |     +    |      0|  0|  15|           5|           1|
    |tmp1_fu_552_p2       |     +    |      0|  0|  32|          32|          32|
    |tmp3_fu_546_p2       |     +    |      0|  0|  32|          32|          32|
    |tmp4_fu_569_p2       |     +    |      0|  0|  32|          32|          32|
    |tmp6_fu_563_p2       |     +    |      0|  0|  32|          32|          32|
    |tmp7_fu_558_p2       |     +    |      0|  0|  32|          32|          32|
    |tmp_17_fu_575_p2     |     +    |      0|  0|  32|          32|          32|
    |tmp_22_fu_446_p2     |     +    |      0|  0|  13|          11|          11|
    |tmp_23_fu_475_p2     |     +    |      0|  0|  13|          11|          11|
    |tmp_24_fu_504_p2     |     +    |      0|  0|  13|          11|          11|
    |tmp_25_fu_456_p2     |     +    |      0|  0|  14|          10|          10|
    |tmp_26_fu_465_p2     |     +    |      0|  0|  13|          11|          11|
    |tmp_27_fu_508_p2     |     +    |      0|  0|  13|          11|          11|
    |tmp_28_fu_517_p2     |     +    |      0|  0|  13|          11|          11|
    |tmp_29_fu_494_p2     |     +    |      0|  0|  13|          11|          11|
    |tmp_30_fu_521_p2     |     +    |      0|  0|  13|          11|          11|
    |tmp_31_fu_530_p2     |     +    |      0|  0|  13|          11|          11|
    |tmp_5_fu_432_p2      |     +    |      0|  0|  15|           5|           2|
    |tmp_fu_314_p2        |     +    |      0|  0|  15|           5|           2|
    |tmp_18_fu_384_p2     |     -    |      0|  0|  13|          11|          11|
    |tmp_21_fu_420_p2     |     -    |      0|  0|  13|          11|          11|
    |tmp_s_fu_348_p2      |     -    |      0|  0|  13|          11|          11|
    |exitcond1_fu_308_p2  |   icmp   |      0|  0|  11|           5|           4|
    |exitcond_fu_426_p2   |   icmp   |      0|  0|  11|           5|           4|
    +---------------------+----------+-------+---+----+------------+------------+
    |Total                |          |      6|  0| 540|         465|         449|
    +---------------------+----------+-------+---+----+------------+------------+

    * Multiplexer: 
    +-----------------+----+-----------+-----+-----------+
    |       Name      | LUT| Input Size| Bits| Total Bits|
    +-----------------+----+-----------+-----+-----------+
    |A_address0       |  33|          6|   10|         60|
    |A_address1       |  27|          5|   10|         50|
    |ap_NS_fsm        |  53|         12|    1|         12|
    |i_reg_235        |   9|          2|    5|         10|
    |j_reg_246        |   9|          2|    5|         10|
    |kernel_address0  |  33|          6|    4|         24|
    |kernel_address1  |  27|          5|    4|         20|
    |reg_258          |   9|          2|   32|         64|
    |reg_263          |   9|          2|   32|         64|
    |reg_268          |   9|          2|   32|         64|
    |reg_273          |   9|          2|   32|         64|
    +-----------------+----+-----------+-----+-----------+
    |Total            | 227|         46|  167|        442|
    +-----------------+----+-----------+-----+-----------+

    * Register: 
    +--------------------+----+----+-----+-----------+
    |        Name        | FF | LUT| Bits| Const Bits|
    +--------------------+----+----+-----+-----------+
    |ap_CS_fsm           |  11|   0|   11|          0|
    |i_1_reg_651         |   5|   0|    5|          0|
    |i_reg_235           |   5|   0|    5|          0|
    |j_1_reg_698         |   5|   0|    5|          0|
    |j_reg_246           |   5|   0|    5|          0|
    |reg_258             |  32|   0|   32|          0|
    |reg_263             |  32|   0|   32|          0|
    |reg_268             |  32|   0|   32|          0|
    |reg_273             |  32|   0|   32|          0|
    |reg_290             |  32|   0|   32|          0|
    |reg_294             |  32|   0|   32|          0|
    |reg_304             |  32|   0|   32|          0|
    |tmp1_reg_754        |  32|   0|   32|          0|
    |tmp_15_reg_759      |  32|   0|   32|          0|
    |tmp_17_reg_764      |  32|   0|   32|          0|
    |tmp_18_reg_644      |   9|   0|   11|          2|
    |tmp_1_reg_639       |   9|   0|   10|          1|
    |tmp_21_reg_656      |   9|   0|   11|          2|
    |tmp_24_reg_714      |  11|   0|   11|          0|
    |tmp_25_reg_677      |  10|   0|   10|          0|
    |tmp_28_reg_724      |  11|   0|   11|          0|
    |tmp_31_reg_734      |  11|   0|   11|          0|
    |tmp_6_cast_reg_666  |   5|   0|   11|          6|
    |tmp_8_cast_reg_682  |   5|   0|   11|          6|
    |tmp_cast_reg_703    |   5|   0|   11|          6|
    |tmp_s_reg_632       |   9|   0|   11|          2|
    +--------------------+----+----+-----+-----------+
    |Total               | 445|   0|  470|         25|
    +--------------------+----+----+-----+-----------+



================================================================
== Interface
================================================================
* Summary: 
+-----------------+-----+-----+------------+--------------+--------------+
|    RTL Ports    | Dir | Bits|  Protocol  | Source Object|    C Type    |
+-----------------+-----+-----+------------+--------------+--------------+
|ap_clk           |  in |    1| ap_ctrl_hs |     conv     | return value |
|ap_rst           |  in |    1| ap_ctrl_hs |     conv     | return value |
|ap_start         |  in |    1| ap_ctrl_hs |     conv     | return value |
|ap_done          | out |    1| ap_ctrl_hs |     conv     | return value |
|ap_idle          | out |    1| ap_ctrl_hs |     conv     | return value |
|ap_ready         | out |    1| ap_ctrl_hs |     conv     | return value |
|A_address0       | out |   10|  ap_memory |       A      |     array    |
|A_ce0            | out |    1|  ap_memory |       A      |     array    |
|A_q0             |  in |   32|  ap_memory |       A      |     array    |
|A_address1       | out |   10|  ap_memory |       A      |     array    |
|A_ce1            | out |    1|  ap_memory |       A      |     array    |
|A_q1             |  in |   32|  ap_memory |       A      |     array    |
|kernel_address0  | out |    4|  ap_memory |    kernel    |     array    |
|kernel_ce0       | out |    1|  ap_memory |    kernel    |     array    |
|kernel_q0        |  in |   32|  ap_memory |    kernel    |     array    |
|kernel_address1  | out |    4|  ap_memory |    kernel    |     array    |
|kernel_ce1       | out |    1|  ap_memory |    kernel    |     array    |
|kernel_q1        |  in |   32|  ap_memory |    kernel    |     array    |
|out_r_address0   | out |   10|  ap_memory |     out_r    |     array    |
|out_r_ce0        | out |    1|  ap_memory |     out_r    |     array    |
|out_r_we0        | out |    1|  ap_memory |     out_r    |     array    |
|out_r_d0         | out |   32|  ap_memory |     out_r    |     array    |
+-----------------+-----+-----+------------+--------------+--------------+

